// Jest Snapshot v1, https://goo.gl/fbAQLP

exports[`<Footer /> rendered correctly with a fixture 1`] = `
<Footer
  header="Ready for this product?"
>
  <div
    className="outer"
  >
    <h2
      className="header"
    >
      Ready for this product?
    </h2>
    <div
      className="content"
    >
      <p>
        This product will change everything.
      </p>
      <Button
        buttonProps={Object {}}
        color="teal"
        disabled={false}
        icon=""
        keyline={false}
        large={true}
        link={false}
        newWindow={false}
        onClick={[Function]}
        squared={false}
        submit={false}
        withRouter={false}
      >
        <div
          className="buttonContainer large"
        >
          <InnerButton
            buttonProps={Object {}}
            className="button teal"
            newWindow={false}
            onClick={[Function]}
            submit={false}
            withRouter={false}
          >
            <button
              className="button teal"
              onClick={[Function]}
              type="button"
            >
              <div
                className="content"
              >
                Activate now
              </div>
            </button>
          </InnerButton>
        </div>
      </Button>
      <Button
        buttonProps={Object {}}
        color="white"
        disabled={false}
        icon=""
        keyline={true}
        large={true}
        link={false}
        newWindow={false}
        onClick={[Function]}
        squared={false}
        submit={false}
        withRouter={false}
      >
        <div
          className="buttonContainer large"
        >
          <InnerButton
            buttonProps={Object {}}
            className="button white keyline"
            newWindow={false}
            onClick={[Function]}
            submit={false}
            withRouter={false}
          >
            <button
              className="button white keyline"
              onClick={[Function]}
              type="button"
            >
              <div
                className="content"
              >
                Find out more
              </div>
            </button>
          </InnerButton>
        </div>
      </Button>
    </div>
  </div>
</Footer>
`;
