// Jest Snapshot v1, https://goo.gl/fbAQLP

exports[`<Footer /> rendered correctly with withChild fixture 1`] = `
<Footer>
  <div
    className="footer"
  >
    <div>
      <span
        style={
          Object {
            "float": "left",
          }
        }
      >
        The footer is useful for creating padding at the bottom of a view.
      </span>
      <div
        style={
          Object {
            "float": "right",
          }
        }
      >
        <Button
          buttonProps={Object {}}
          color="green"
          disabled={false}
          icon="ArrowRight"
          keyline={false}
          link={false}
          newWindow={false}
          onClick={[Function]}
          squared={false}
          submit={false}
          withRouter={false}
        >
          <div
            className="buttonContainer"
          >
            <InnerButton
              buttonProps={Object {}}
              className="button green"
              newWindow={false}
              onClick={[Function]}
              submit={false}
              withRouter={false}
            >
              <button
                className="button green"
                onClick={[Function]}
                type="button"
              >
                <div
                  className="content"
                >
                  Next page
                  <Icon
                    className="legacyIcon"
                    name="ArrowRight"
                    shadow={false}
                  />
                </div>
              </button>
            </InnerButton>
          </div>
        </Button>
      </div>
    </div>
  </div>
</Footer>
`;
