// Jest Snapshot v1, https://goo.gl/fbAQLP

exports[`<ActionIcon /> rendered correctly with Disabled fixture 1`] = `
<ActionIcon
  className=""
  color="red"
  disabled={true}
  icon="Delete"
  onClick={[Function]}
  title="Delete"
>
  <button
    className="button red disabled"
    onClick={[Function]}
    title="Delete"
    type="button"
  >
    <Icon
      className="icon"
      name="Delete"
      shadow={false}
    />
  </button>
</ActionIcon>
`;
