// Jest Snapshot v1, https://goo.gl/fbAQLP

exports[`<Button /> rendered correctly with fixture 1`] = `
<Button
  buttonProps={Object {}}
  color="teal"
  disabled={false}
  done={false}
  icon=""
  keyline={true}
  link={false}
  newWindow={false}
  onClick={[Function]}
  squared={false}
  submit={false}
  submitting={false}
  withRouter={false}
>
  <div
    className="buttonContainer"
  >
    <InnerButton
      buttonProps={Object {}}
      className="button teal keyline"
      newWindow={false}
      onClick={[Function]}
      submit={false}
      withRouter={false}
    >
      <button
        className="button teal keyline"
        onClick={[Function]}
        type="button"
      >
        <div
          className="content"
        >
          Button
        </div>
      </button>
    </InnerButton>
  </div>
</Button>
`;
