// Jest Snapshot v1, https://goo.gl/fbAQLP

exports[`<Icon /> rendered correctly with Add fixture 1`] = `
<Icon
  name="ArrowUp"
>
  <ArrowUp
    className="icon"
  >
    <svg
      className="icon"
      version="1.1"
      viewBox="0 0 24 24"
      xmlns="http://www.w3.org/2000/svg"
    >
      <g
        transform="translate(5.000000, 22.000000) rotate(-90.000000)"
      >
        <path
          d="M16.5857864,8 L1,8 C0.44771525,8 0,7.55228475 0,7 C0,6.44771525 0.44771525,6 1,6 L16.5857864,6 L12.2928932,1.70710678 C11.9023689,1.31658249 11.9023689,0.683417511 12.2928932,0.292893219 C12.6834175,-0.0976310729 13.3165825,-0.0976310729 13.7071068,0.292893219 L19.7071068,6.29289322 C20.0976311,6.68341751 20.0976311,7.31658249 19.7071068,7.70710678 L13.7071068,13.7071068 C13.3165825,14.0976311 12.6834175,14.0976311 12.2928932,13.7071068 C11.9023689,13.3165825 11.9023689,12.6834175 12.2928932,12.2928932 L16.5857864,8 Z"
        />
      </g>
    </svg>
  </ArrowUp>
</Icon>
`;

exports[`<Icon /> rendered correctly with Alarm fixture 1`] = `
<Icon
  name="ArrowUp"
>
  <ArrowUp
    className="icon"
  >
    <svg
      className="icon"
      version="1.1"
      viewBox="0 0 24 24"
      xmlns="http://www.w3.org/2000/svg"
    >
      <g
        transform="translate(5.000000, 22.000000) rotate(-90.000000)"
      >
        <path
          d="M16.5857864,8 L1,8 C0.44771525,8 0,7.55228475 0,7 C0,6.44771525 0.44771525,6 1,6 L16.5857864,6 L12.2928932,1.70710678 C11.9023689,1.31658249 11.9023689,0.683417511 12.2928932,0.292893219 C12.6834175,-0.0976310729 13.3165825,-0.0976310729 13.7071068,0.292893219 L19.7071068,6.29289322 C20.0976311,6.68341751 20.0976311,7.31658249 19.7071068,7.70710678 L13.7071068,13.7071068 C13.3165825,14.0976311 12.6834175,14.0976311 12.2928932,13.7071068 C11.9023689,13.3165825 11.9023689,12.6834175 12.2928932,12.2928932 L16.5857864,8 Z"
        />
      </g>
    </svg>
  </ArrowUp>
</Icon>
`;

exports[`<Icon /> rendered correctly with Alert fixture 1`] = `
<Icon
  name="ArrowUp"
>
  <ArrowUp
    className="icon"
  >
    <svg
      className="icon"
      version="1.1"
      viewBox="0 0 24 24"
      xmlns="http://www.w3.org/2000/svg"
    >
      <g
        transform="translate(5.000000, 22.000000) rotate(-90.000000)"
      >
        <path
          d="M16.5857864,8 L1,8 C0.44771525,8 0,7.55228475 0,7 C0,6.44771525 0.44771525,6 1,6 L16.5857864,6 L12.2928932,1.70710678 C11.9023689,1.31658249 11.9023689,0.683417511 12.2928932,0.292893219 C12.6834175,-0.0976310729 13.3165825,-0.0976310729 13.7071068,0.292893219 L19.7071068,6.29289322 C20.0976311,6.68341751 20.0976311,7.31658249 19.7071068,7.70710678 L13.7071068,13.7071068 C13.3165825,14.0976311 12.6834175,14.0976311 12.2928932,13.7071068 C11.9023689,13.3165825 11.9023689,12.6834175 12.2928932,12.2928932 L16.5857864,8 Z"
        />
      </g>
    </svg>
  </ArrowUp>
</Icon>
`;

exports[`<Icon /> rendered correctly with Arr fixture 1`] = `
<Icon
  name="ArrowUp"
>
  <ArrowUp
    className="icon"
  >
    <svg
      className="icon"
      version="1.1"
      viewBox="0 0 24 24"
      xmlns="http://www.w3.org/2000/svg"
    >
      <g
        transform="translate(5.000000, 22.000000) rotate(-90.000000)"
      >
        <path
          d="M16.5857864,8 L1,8 C0.44771525,8 0,7.55228475 0,7 C0,6.44771525 0.44771525,6 1,6 L16.5857864,6 L12.2928932,1.70710678 C11.9023689,1.31658249 11.9023689,0.683417511 12.2928932,0.292893219 C12.6834175,-0.0976310729 13.3165825,-0.0976310729 13.7071068,0.292893219 L19.7071068,6.29289322 C20.0976311,6.68341751 20.0976311,7.31658249 19.7071068,7.70710678 L13.7071068,13.7071068 C13.3165825,14.0976311 12.6834175,14.0976311 12.2928932,13.7071068 C11.9023689,13.3165825 11.9023689,12.6834175 12.2928932,12.2928932 L16.5857864,8 Z"
        />
      </g>
    </svg>
  </ArrowUp>
</Icon>
`;

exports[`<Icon /> rendered correctly with ArrowDown fixture 1`] = `
<Icon
  name="ArrowUp"
>
  <ArrowUp
    className="icon"
  >
    <svg
      className="icon"
      version="1.1"
      viewBox="0 0 24 24"
      xmlns="http://www.w3.org/2000/svg"
    >
      <g
        transform="translate(5.000000, 22.000000) rotate(-90.000000)"
      >
        <path
          d="M16.5857864,8 L1,8 C0.44771525,8 0,7.55228475 0,7 C0,6.44771525 0.44771525,6 1,6 L16.5857864,6 L12.2928932,1.70710678 C11.9023689,1.31658249 11.9023689,0.683417511 12.2928932,0.292893219 C12.6834175,-0.0976310729 13.3165825,-0.0976310729 13.7071068,0.292893219 L19.7071068,6.29289322 C20.0976311,6.68341751 20.0976311,7.31658249 19.7071068,7.70710678 L13.7071068,13.7071068 C13.3165825,14.0976311 12.6834175,14.0976311 12.2928932,13.7071068 C11.9023689,13.3165825 11.9023689,12.6834175 12.2928932,12.2928932 L16.5857864,8 Z"
        />
      </g>
    </svg>
  </ArrowUp>
</Icon>
`;

exports[`<Icon /> rendered correctly with ArrowLeft fixture 1`] = `
<Icon
  name="ArrowUp"
>
  <ArrowUp
    className="icon"
  >
    <svg
      className="icon"
      version="1.1"
      viewBox="0 0 24 24"
      xmlns="http://www.w3.org/2000/svg"
    >
      <g
        transform="translate(5.000000, 22.000000) rotate(-90.000000)"
      >
        <path
          d="M16.5857864,8 L1,8 C0.44771525,8 0,7.55228475 0,7 C0,6.44771525 0.44771525,6 1,6 L16.5857864,6 L12.2928932,1.70710678 C11.9023689,1.31658249 11.9023689,0.683417511 12.2928932,0.292893219 C12.6834175,-0.0976310729 13.3165825,-0.0976310729 13.7071068,0.292893219 L19.7071068,6.29289322 C20.0976311,6.68341751 20.0976311,7.31658249 19.7071068,7.70710678 L13.7071068,13.7071068 C13.3165825,14.0976311 12.6834175,14.0976311 12.2928932,13.7071068 C11.9023689,13.3165825 11.9023689,12.6834175 12.2928932,12.2928932 L16.5857864,8 Z"
        />
      </g>
    </svg>
  </ArrowUp>
</Icon>
`;

exports[`<Icon /> rendered correctly with ArrowLeft fixture 2`] = `
<Icon
  name="ArrowUp"
>
  <ArrowUp
    className="icon"
  >
    <svg
      className="icon"
      version="1.1"
      viewBox="0 0 24 24"
      xmlns="http://www.w3.org/2000/svg"
    >
      <g
        transform="translate(5.000000, 22.000000) rotate(-90.000000)"
      >
        <path
          d="M16.5857864,8 L1,8 C0.44771525,8 0,7.55228475 0,7 C0,6.44771525 0.44771525,6 1,6 L16.5857864,6 L12.2928932,1.70710678 C11.9023689,1.31658249 11.9023689,0.683417511 12.2928932,0.292893219 C12.6834175,-0.0976310729 13.3165825,-0.0976310729 13.7071068,0.292893219 L19.7071068,6.29289322 C20.0976311,6.68341751 20.0976311,7.31658249 19.7071068,7.70710678 L13.7071068,13.7071068 C13.3165825,14.0976311 12.6834175,14.0976311 12.2928932,13.7071068 C11.9023689,13.3165825 11.9023689,12.6834175 12.2928932,12.2928932 L16.5857864,8 Z"
        />
      </g>
    </svg>
  </ArrowUp>
</Icon>
`;

exports[`<Icon /> rendered correctly with ArrowRight fixture 1`] = `
<Icon
  name="ArrowUp"
>
  <ArrowUp
    className="icon"
  >
    <svg
      className="icon"
      version="1.1"
      viewBox="0 0 24 24"
      xmlns="http://www.w3.org/2000/svg"
    >
      <g
        transform="translate(5.000000, 22.000000) rotate(-90.000000)"
      >
        <path
          d="M16.5857864,8 L1,8 C0.44771525,8 0,7.55228475 0,7 C0,6.44771525 0.44771525,6 1,6 L16.5857864,6 L12.2928932,1.70710678 C11.9023689,1.31658249 11.9023689,0.683417511 12.2928932,0.292893219 C12.6834175,-0.0976310729 13.3165825,-0.0976310729 13.7071068,0.292893219 L19.7071068,6.29289322 C20.0976311,6.68341751 20.0976311,7.31658249 19.7071068,7.70710678 L13.7071068,13.7071068 C13.3165825,14.0976311 12.6834175,14.0976311 12.2928932,13.7071068 C11.9023689,13.3165825 11.9023689,12.6834175 12.2928932,12.2928932 L16.5857864,8 Z"
        />
      </g>
    </svg>
  </ArrowUp>
</Icon>
`;

exports[`<Icon /> rendered correctly with ArrowUp fixture 1`] = `
<Icon
  name="ArrowUp"
>
  <ArrowUp
    className="icon"
  >
    <svg
      className="icon"
      version="1.1"
      viewBox="0 0 24 24"
      xmlns="http://www.w3.org/2000/svg"
    >
      <g
        transform="translate(5.000000, 22.000000) rotate(-90.000000)"
      >
        <path
          d="M16.5857864,8 L1,8 C0.44771525,8 0,7.55228475 0,7 C0,6.44771525 0.44771525,6 1,6 L16.5857864,6 L12.2928932,1.70710678 C11.9023689,1.31658249 11.9023689,0.683417511 12.2928932,0.292893219 C12.6834175,-0.0976310729 13.3165825,-0.0976310729 13.7071068,0.292893219 L19.7071068,6.29289322 C20.0976311,6.68341751 20.0976311,7.31658249 19.7071068,7.70710678 L13.7071068,13.7071068 C13.3165825,14.0976311 12.6834175,14.0976311 12.2928932,13.7071068 C11.9023689,13.3165825 11.9023689,12.6834175 12.2928932,12.2928932 L16.5857864,8 Z"
        />
      </g>
    </svg>
  </ArrowUp>
</Icon>
`;

exports[`<Icon /> rendered correctly with Bookings fixture 1`] = `
<Icon
  name="ArrowUp"
>
  <ArrowUp
    className="icon"
  >
    <svg
      className="icon"
      version="1.1"
      viewBox="0 0 24 24"
      xmlns="http://www.w3.org/2000/svg"
    >
      <g
        transform="translate(5.000000, 22.000000) rotate(-90.000000)"
      >
        <path
          d="M16.5857864,8 L1,8 C0.44771525,8 0,7.55228475 0,7 C0,6.44771525 0.44771525,6 1,6 L16.5857864,6 L12.2928932,1.70710678 C11.9023689,1.31658249 11.9023689,0.683417511 12.2928932,0.292893219 C12.6834175,-0.0976310729 13.3165825,-0.0976310729 13.7071068,0.292893219 L19.7071068,6.29289322 C20.0976311,6.68341751 20.0976311,7.31658249 19.7071068,7.70710678 L13.7071068,13.7071068 C13.3165825,14.0976311 12.6834175,14.0976311 12.2928932,13.7071068 C11.9023689,13.3165825 11.9023689,12.6834175 12.2928932,12.2928932 L16.5857864,8 Z"
        />
      </g>
    </svg>
  </ArrowUp>
</Icon>
`;

exports[`<Icon /> rendered correctly with Calendar fixture 1`] = `
<Icon
  name="ArrowUp"
>
  <ArrowUp
    className="icon"
  >
    <svg
      className="icon"
      version="1.1"
      viewBox="0 0 24 24"
      xmlns="http://www.w3.org/2000/svg"
    >
      <g
        transform="translate(5.000000, 22.000000) rotate(-90.000000)"
      >
        <path
          d="M16.5857864,8 L1,8 C0.44771525,8 0,7.55228475 0,7 C0,6.44771525 0.44771525,6 1,6 L16.5857864,6 L12.2928932,1.70710678 C11.9023689,1.31658249 11.9023689,0.683417511 12.2928932,0.292893219 C12.6834175,-0.0976310729 13.3165825,-0.0976310729 13.7071068,0.292893219 L19.7071068,6.29289322 C20.0976311,6.68341751 20.0976311,7.31658249 19.7071068,7.70710678 L13.7071068,13.7071068 C13.3165825,14.0976311 12.6834175,14.0976311 12.2928932,13.7071068 C11.9023689,13.3165825 11.9023689,12.6834175 12.2928932,12.2928932 L16.5857864,8 Z"
        />
      </g>
    </svg>
  </ArrowUp>
</Icon>
`;

exports[`<Icon /> rendered correctly with CaretRight fixture 1`] = `
<Icon
  name="ArrowUp"
>
  <ArrowUp
    className="icon"
  >
    <svg
      className="icon"
      version="1.1"
      viewBox="0 0 24 24"
      xmlns="http://www.w3.org/2000/svg"
    >
      <g
        transform="translate(5.000000, 22.000000) rotate(-90.000000)"
      >
        <path
          d="M16.5857864,8 L1,8 C0.44771525,8 0,7.55228475 0,7 C0,6.44771525 0.44771525,6 1,6 L16.5857864,6 L12.2928932,1.70710678 C11.9023689,1.31658249 11.9023689,0.683417511 12.2928932,0.292893219 C12.6834175,-0.0976310729 13.3165825,-0.0976310729 13.7071068,0.292893219 L19.7071068,6.29289322 C20.0976311,6.68341751 20.0976311,7.31658249 19.7071068,7.70710678 L13.7071068,13.7071068 C13.3165825,14.0976311 12.6834175,14.0976311 12.2928932,13.7071068 C11.9023689,13.3165825 11.9023689,12.6834175 12.2928932,12.2928932 L16.5857864,8 Z"
        />
      </g>
    </svg>
  </ArrowUp>
</Icon>
`;

exports[`<Icon /> rendered correctly with CheckBoxChecked fixture 1`] = `
<Icon
  name="ArrowUp"
>
  <ArrowUp
    className="icon"
  >
    <svg
      className="icon"
      version="1.1"
      viewBox="0 0 24 24"
      xmlns="http://www.w3.org/2000/svg"
    >
      <g
        transform="translate(5.000000, 22.000000) rotate(-90.000000)"
      >
        <path
          d="M16.5857864,8 L1,8 C0.44771525,8 0,7.55228475 0,7 C0,6.44771525 0.44771525,6 1,6 L16.5857864,6 L12.2928932,1.70710678 C11.9023689,1.31658249 11.9023689,0.683417511 12.2928932,0.292893219 C12.6834175,-0.0976310729 13.3165825,-0.0976310729 13.7071068,0.292893219 L19.7071068,6.29289322 C20.0976311,6.68341751 20.0976311,7.31658249 19.7071068,7.70710678 L13.7071068,13.7071068 C13.3165825,14.0976311 12.6834175,14.0976311 12.2928932,13.7071068 C11.9023689,13.3165825 11.9023689,12.6834175 12.2928932,12.2928932 L16.5857864,8 Z"
        />
      </g>
    </svg>
  </ArrowUp>
</Icon>
`;

exports[`<Icon /> rendered correctly with CheckBoxUnchecked fixture 1`] = `
<Icon
  name="ArrowUp"
>
  <ArrowUp
    className="icon"
  >
    <svg
      className="icon"
      version="1.1"
      viewBox="0 0 24 24"
      xmlns="http://www.w3.org/2000/svg"
    >
      <g
        transform="translate(5.000000, 22.000000) rotate(-90.000000)"
      >
        <path
          d="M16.5857864,8 L1,8 C0.44771525,8 0,7.55228475 0,7 C0,6.44771525 0.44771525,6 1,6 L16.5857864,6 L12.2928932,1.70710678 C11.9023689,1.31658249 11.9023689,0.683417511 12.2928932,0.292893219 C12.6834175,-0.0976310729 13.3165825,-0.0976310729 13.7071068,0.292893219 L19.7071068,6.29289322 C20.0976311,6.68341751 20.0976311,7.31658249 19.7071068,7.70710678 L13.7071068,13.7071068 C13.3165825,14.0976311 12.6834175,14.0976311 12.2928932,13.7071068 C11.9023689,13.3165825 11.9023689,12.6834175 12.2928932,12.2928932 L16.5857864,8 Z"
        />
      </g>
    </svg>
  </ArrowUp>
</Icon>
`;

exports[`<Icon /> rendered correctly with ChevronDown fixture 1`] = `
<Icon
  name="ArrowUp"
>
  <ArrowUp
    className="icon"
  >
    <svg
      className="icon"
      version="1.1"
      viewBox="0 0 24 24"
      xmlns="http://www.w3.org/2000/svg"
    >
      <g
        transform="translate(5.000000, 22.000000) rotate(-90.000000)"
      >
        <path
          d="M16.5857864,8 L1,8 C0.44771525,8 0,7.55228475 0,7 C0,6.44771525 0.44771525,6 1,6 L16.5857864,6 L12.2928932,1.70710678 C11.9023689,1.31658249 11.9023689,0.683417511 12.2928932,0.292893219 C12.6834175,-0.0976310729 13.3165825,-0.0976310729 13.7071068,0.292893219 L19.7071068,6.29289322 C20.0976311,6.68341751 20.0976311,7.31658249 19.7071068,7.70710678 L13.7071068,13.7071068 C13.3165825,14.0976311 12.6834175,14.0976311 12.2928932,13.7071068 C11.9023689,13.3165825 11.9023689,12.6834175 12.2928932,12.2928932 L16.5857864,8 Z"
        />
      </g>
    </svg>
  </ArrowUp>
</Icon>
`;

exports[`<Icon /> rendered correctly with ChevronLeft fixture 1`] = `
<Icon
  name="ArrowUp"
>
  <ArrowUp
    className="icon"
  >
    <svg
      className="icon"
      version="1.1"
      viewBox="0 0 24 24"
      xmlns="http://www.w3.org/2000/svg"
    >
      <g
        transform="translate(5.000000, 22.000000) rotate(-90.000000)"
      >
        <path
          d="M16.5857864,8 L1,8 C0.44771525,8 0,7.55228475 0,7 C0,6.44771525 0.44771525,6 1,6 L16.5857864,6 L12.2928932,1.70710678 C11.9023689,1.31658249 11.9023689,0.683417511 12.2928932,0.292893219 C12.6834175,-0.0976310729 13.3165825,-0.0976310729 13.7071068,0.292893219 L19.7071068,6.29289322 C20.0976311,6.68341751 20.0976311,7.31658249 19.7071068,7.70710678 L13.7071068,13.7071068 C13.3165825,14.0976311 12.6834175,14.0976311 12.2928932,13.7071068 C11.9023689,13.3165825 11.9023689,12.6834175 12.2928932,12.2928932 L16.5857864,8 Z"
        />
      </g>
    </svg>
  </ArrowUp>
</Icon>
`;

exports[`<Icon /> rendered correctly with ChevronRight fixture 1`] = `
<Icon
  name="ArrowUp"
>
  <ArrowUp
    className="icon"
  >
    <svg
      className="icon"
      version="1.1"
      viewBox="0 0 24 24"
      xmlns="http://www.w3.org/2000/svg"
    >
      <g
        transform="translate(5.000000, 22.000000) rotate(-90.000000)"
      >
        <path
          d="M16.5857864,8 L1,8 C0.44771525,8 0,7.55228475 0,7 C0,6.44771525 0.44771525,6 1,6 L16.5857864,6 L12.2928932,1.70710678 C11.9023689,1.31658249 11.9023689,0.683417511 12.2928932,0.292893219 C12.6834175,-0.0976310729 13.3165825,-0.0976310729 13.7071068,0.292893219 L19.7071068,6.29289322 C20.0976311,6.68341751 20.0976311,7.31658249 19.7071068,7.70710678 L13.7071068,13.7071068 C13.3165825,14.0976311 12.6834175,14.0976311 12.2928932,13.7071068 C11.9023689,13.3165825 11.9023689,12.6834175 12.2928932,12.2928932 L16.5857864,8 Z"
        />
      </g>
    </svg>
  </ArrowUp>
</Icon>
`;

exports[`<Icon /> rendered correctly with ChevronUp fixture 1`] = `
<Icon
  name="ArrowUp"
>
  <ArrowUp
    className="icon"
  >
    <svg
      className="icon"
      version="1.1"
      viewBox="0 0 24 24"
      xmlns="http://www.w3.org/2000/svg"
    >
      <g
        transform="translate(5.000000, 22.000000) rotate(-90.000000)"
      >
        <path
          d="M16.5857864,8 L1,8 C0.44771525,8 0,7.55228475 0,7 C0,6.44771525 0.44771525,6 1,6 L16.5857864,6 L12.2928932,1.70710678 C11.9023689,1.31658249 11.9023689,0.683417511 12.2928932,0.292893219 C12.6834175,-0.0976310729 13.3165825,-0.0976310729 13.7071068,0.292893219 L19.7071068,6.29289322 C20.0976311,6.68341751 20.0976311,7.31658249 19.7071068,7.70710678 L13.7071068,13.7071068 C13.3165825,14.0976311 12.6834175,14.0976311 12.2928932,13.7071068 C11.9023689,13.3165825 11.9023689,12.6834175 12.2928932,12.2928932 L16.5857864,8 Z"
        />
      </g>
    </svg>
  </ArrowUp>
</Icon>
`;

exports[`<Icon /> rendered correctly with Clock fixture 1`] = `
<Icon
  name="ArrowUp"
>
  <ArrowUp
    className="icon"
  >
    <svg
      className="icon"
      version="1.1"
      viewBox="0 0 24 24"
      xmlns="http://www.w3.org/2000/svg"
    >
      <g
        transform="translate(5.000000, 22.000000) rotate(-90.000000)"
      >
        <path
          d="M16.5857864,8 L1,8 C0.44771525,8 0,7.55228475 0,7 C0,6.44771525 0.44771525,6 1,6 L16.5857864,6 L12.2928932,1.70710678 C11.9023689,1.31658249 11.9023689,0.683417511 12.2928932,0.292893219 C12.6834175,-0.0976310729 13.3165825,-0.0976310729 13.7071068,0.292893219 L19.7071068,6.29289322 C20.0976311,6.68341751 20.0976311,7.31658249 19.7071068,7.70710678 L13.7071068,13.7071068 C13.3165825,14.0976311 12.6834175,14.0976311 12.2928932,13.7071068 C11.9023689,13.3165825 11.9023689,12.6834175 12.2928932,12.2928932 L16.5857864,8 Z"
        />
      </g>
    </svg>
  </ArrowUp>
</Icon>
`;

exports[`<Icon /> rendered correctly with Cross fixture 1`] = `
<Icon
  name="ArrowUp"
>
  <ArrowUp
    className="icon"
  >
    <svg
      className="icon"
      version="1.1"
      viewBox="0 0 24 24"
      xmlns="http://www.w3.org/2000/svg"
    >
      <g
        transform="translate(5.000000, 22.000000) rotate(-90.000000)"
      >
        <path
          d="M16.5857864,8 L1,8 C0.44771525,8 0,7.55228475 0,7 C0,6.44771525 0.44771525,6 1,6 L16.5857864,6 L12.2928932,1.70710678 C11.9023689,1.31658249 11.9023689,0.683417511 12.2928932,0.292893219 C12.6834175,-0.0976310729 13.3165825,-0.0976310729 13.7071068,0.292893219 L19.7071068,6.29289322 C20.0976311,6.68341751 20.0976311,7.31658249 19.7071068,7.70710678 L13.7071068,13.7071068 C13.3165825,14.0976311 12.6834175,14.0976311 12.2928932,13.7071068 C11.9023689,13.3165825 11.9023689,12.6834175 12.2928932,12.2928932 L16.5857864,8 Z"
        />
      </g>
    </svg>
  </ArrowUp>
</Icon>
`;

exports[`<Icon /> rendered correctly with CurvedArrow fixture 1`] = `
<Icon
  name="ArrowUp"
>
  <ArrowUp
    className="icon"
  >
    <svg
      className="icon"
      version="1.1"
      viewBox="0 0 24 24"
      xmlns="http://www.w3.org/2000/svg"
    >
      <g
        transform="translate(5.000000, 22.000000) rotate(-90.000000)"
      >
        <path
          d="M16.5857864,8 L1,8 C0.44771525,8 0,7.55228475 0,7 C0,6.44771525 0.44771525,6 1,6 L16.5857864,6 L12.2928932,1.70710678 C11.9023689,1.31658249 11.9023689,0.683417511 12.2928932,0.292893219 C12.6834175,-0.0976310729 13.3165825,-0.0976310729 13.7071068,0.292893219 L19.7071068,6.29289322 C20.0976311,6.68341751 20.0976311,7.31658249 19.7071068,7.70710678 L13.7071068,13.7071068 C13.3165825,14.0976311 12.6834175,14.0976311 12.2928932,13.7071068 C11.9023689,13.3165825 11.9023689,12.6834175 12.2928932,12.2928932 L16.5857864,8 Z"
        />
      </g>
    </svg>
  </ArrowUp>
</Icon>
`;

exports[`<Icon /> rendered correctly with Delete fixture 1`] = `
<Icon
  name="ArrowUp"
>
  <ArrowUp
    className="icon"
  >
    <svg
      className="icon"
      version="1.1"
      viewBox="0 0 24 24"
      xmlns="http://www.w3.org/2000/svg"
    >
      <g
        transform="translate(5.000000, 22.000000) rotate(-90.000000)"
      >
        <path
          d="M16.5857864,8 L1,8 C0.44771525,8 0,7.55228475 0,7 C0,6.44771525 0.44771525,6 1,6 L16.5857864,6 L12.2928932,1.70710678 C11.9023689,1.31658249 11.9023689,0.683417511 12.2928932,0.292893219 C12.6834175,-0.0976310729 13.3165825,-0.0976310729 13.7071068,0.292893219 L19.7071068,6.29289322 C20.0976311,6.68341751 20.0976311,7.31658249 19.7071068,7.70710678 L13.7071068,13.7071068 C13.3165825,14.0976311 12.6834175,14.0976311 12.2928932,13.7071068 C11.9023689,13.3165825 11.9023689,12.6834175 12.2928932,12.2928932 L16.5857864,8 Z"
        />
      </g>
    </svg>
  </ArrowUp>
</Icon>
`;

exports[`<Icon /> rendered correctly with DropDown fixture 1`] = `
<Icon
  name="ArrowUp"
>
  <ArrowUp
    className="icon"
  >
    <svg
      className="icon"
      version="1.1"
      viewBox="0 0 24 24"
      xmlns="http://www.w3.org/2000/svg"
    >
      <g
        transform="translate(5.000000, 22.000000) rotate(-90.000000)"
      >
        <path
          d="M16.5857864,8 L1,8 C0.44771525,8 0,7.55228475 0,7 C0,6.44771525 0.44771525,6 1,6 L16.5857864,6 L12.2928932,1.70710678 C11.9023689,1.31658249 11.9023689,0.683417511 12.2928932,0.292893219 C12.6834175,-0.0976310729 13.3165825,-0.0976310729 13.7071068,0.292893219 L19.7071068,6.29289322 C20.0976311,6.68341751 20.0976311,7.31658249 19.7071068,7.70710678 L13.7071068,13.7071068 C13.3165825,14.0976311 12.6834175,14.0976311 12.2928932,13.7071068 C11.9023689,13.3165825 11.9023689,12.6834175 12.2928932,12.2928932 L16.5857864,8 Z"
        />
      </g>
    </svg>
  </ArrowUp>
</Icon>
`;

exports[`<Icon /> rendered correctly with Edit fixture 1`] = `
<Icon
  name="ArrowUp"
>
  <ArrowUp
    className="icon"
  >
    <svg
      className="icon"
      version="1.1"
      viewBox="0 0 24 24"
      xmlns="http://www.w3.org/2000/svg"
    >
      <g
        transform="translate(5.000000, 22.000000) rotate(-90.000000)"
      >
        <path
          d="M16.5857864,8 L1,8 C0.44771525,8 0,7.55228475 0,7 C0,6.44771525 0.44771525,6 1,6 L16.5857864,6 L12.2928932,1.70710678 C11.9023689,1.31658249 11.9023689,0.683417511 12.2928932,0.292893219 C12.6834175,-0.0976310729 13.3165825,-0.0976310729 13.7071068,0.292893219 L19.7071068,6.29289322 C20.0976311,6.68341751 20.0976311,7.31658249 19.7071068,7.70710678 L13.7071068,13.7071068 C13.3165825,14.0976311 12.6834175,14.0976311 12.2928932,13.7071068 C11.9023689,13.3165825 11.9023689,12.6834175 12.2928932,12.2928932 L16.5857864,8 Z"
        />
      </g>
    </svg>
  </ArrowUp>
</Icon>
`;

exports[`<Icon /> rendered correctly with Ellipsis fixture 1`] = `
<Icon
  name="ArrowUp"
>
  <ArrowUp
    className="icon"
  >
    <svg
      className="icon"
      version="1.1"
      viewBox="0 0 24 24"
      xmlns="http://www.w3.org/2000/svg"
    >
      <g
        transform="translate(5.000000, 22.000000) rotate(-90.000000)"
      >
        <path
          d="M16.5857864,8 L1,8 C0.44771525,8 0,7.55228475 0,7 C0,6.44771525 0.44771525,6 1,6 L16.5857864,6 L12.2928932,1.70710678 C11.9023689,1.31658249 11.9023689,0.683417511 12.2928932,0.292893219 C12.6834175,-0.0976310729 13.3165825,-0.0976310729 13.7071068,0.292893219 L19.7071068,6.29289322 C20.0976311,6.68341751 20.0976311,7.31658249 19.7071068,7.70710678 L13.7071068,13.7071068 C13.3165825,14.0976311 12.6834175,14.0976311 12.2928932,13.7071068 C11.9023689,13.3165825 11.9023689,12.6834175 12.2928932,12.2928932 L16.5857864,8 Z"
        />
      </g>
    </svg>
  </ArrowUp>
</Icon>
`;

exports[`<Icon /> rendered correctly with Engage fixture 1`] = `
<Icon
  name="ArrowUp"
>
  <ArrowUp
    className="icon"
  >
    <svg
      className="icon"
      version="1.1"
      viewBox="0 0 24 24"
      xmlns="http://www.w3.org/2000/svg"
    >
      <g
        transform="translate(5.000000, 22.000000) rotate(-90.000000)"
      >
        <path
          d="M16.5857864,8 L1,8 C0.44771525,8 0,7.55228475 0,7 C0,6.44771525 0.44771525,6 1,6 L16.5857864,6 L12.2928932,1.70710678 C11.9023689,1.31658249 11.9023689,0.683417511 12.2928932,0.292893219 C12.6834175,-0.0976310729 13.3165825,-0.0976310729 13.7071068,0.292893219 L19.7071068,6.29289322 C20.0976311,6.68341751 20.0976311,7.31658249 19.7071068,7.70710678 L13.7071068,13.7071068 C13.3165825,14.0976311 12.6834175,14.0976311 12.2928932,13.7071068 C11.9023689,13.3165825 11.9023689,12.6834175 12.2928932,12.2928932 L16.5857864,8 Z"
        />
      </g>
    </svg>
  </ArrowUp>
</Icon>
`;

exports[`<Icon /> rendered correctly with HealthEngine fixture 1`] = `
<Icon
  name="ArrowUp"
>
  <ArrowUp
    className="icon"
  >
    <svg
      className="icon"
      version="1.1"
      viewBox="0 0 24 24"
      xmlns="http://www.w3.org/2000/svg"
    >
      <g
        transform="translate(5.000000, 22.000000) rotate(-90.000000)"
      >
        <path
          d="M16.5857864,8 L1,8 C0.44771525,8 0,7.55228475 0,7 C0,6.44771525 0.44771525,6 1,6 L16.5857864,6 L12.2928932,1.70710678 C11.9023689,1.31658249 11.9023689,0.683417511 12.2928932,0.292893219 C12.6834175,-0.0976310729 13.3165825,-0.0976310729 13.7071068,0.292893219 L19.7071068,6.29289322 C20.0976311,6.68341751 20.0976311,7.31658249 19.7071068,7.70710678 L13.7071068,13.7071068 C13.3165825,14.0976311 12.6834175,14.0976311 12.2928932,13.7071068 C11.9023689,13.3165825 11.9023689,12.6834175 12.2928932,12.2928932 L16.5857864,8 Z"
        />
      </g>
    </svg>
  </ArrowUp>
</Icon>
`;

exports[`<Icon /> rendered correctly with HealthEngineWithText fixture 1`] = `
<Icon
  name="ArrowUp"
>
  <ArrowUp
    className="icon"
  >
    <svg
      className="icon"
      version="1.1"
      viewBox="0 0 24 24"
      xmlns="http://www.w3.org/2000/svg"
    >
      <g
        transform="translate(5.000000, 22.000000) rotate(-90.000000)"
      >
        <path
          d="M16.5857864,8 L1,8 C0.44771525,8 0,7.55228475 0,7 C0,6.44771525 0.44771525,6 1,6 L16.5857864,6 L12.2928932,1.70710678 C11.9023689,1.31658249 11.9023689,0.683417511 12.2928932,0.292893219 C12.6834175,-0.0976310729 13.3165825,-0.0976310729 13.7071068,0.292893219 L19.7071068,6.29289322 C20.0976311,6.68341751 20.0976311,7.31658249 19.7071068,7.70710678 L13.7071068,13.7071068 C13.3165825,14.0976311 12.6834175,14.0976311 12.2928932,13.7071068 C11.9023689,13.3165825 11.9023689,12.6834175 12.2928932,12.2928932 L16.5857864,8 Z"
        />
      </g>
    </svg>
  </ArrowUp>
</Icon>
`;

exports[`<Icon /> rendered correctly with Help fixture 1`] = `
<Icon
  name="ArrowUp"
>
  <ArrowUp
    className="icon"
  >
    <svg
      className="icon"
      version="1.1"
      viewBox="0 0 24 24"
      xmlns="http://www.w3.org/2000/svg"
    >
      <g
        transform="translate(5.000000, 22.000000) rotate(-90.000000)"
      >
        <path
          d="M16.5857864,8 L1,8 C0.44771525,8 0,7.55228475 0,7 C0,6.44771525 0.44771525,6 1,6 L16.5857864,6 L12.2928932,1.70710678 C11.9023689,1.31658249 11.9023689,0.683417511 12.2928932,0.292893219 C12.6834175,-0.0976310729 13.3165825,-0.0976310729 13.7071068,0.292893219 L19.7071068,6.29289322 C20.0976311,6.68341751 20.0976311,7.31658249 19.7071068,7.70710678 L13.7071068,13.7071068 C13.3165825,14.0976311 12.6834175,14.0976311 12.2928932,13.7071068 C11.9023689,13.3165825 11.9023689,12.6834175 12.2928932,12.2928932 L16.5857864,8 Z"
        />
      </g>
    </svg>
  </ArrowUp>
</Icon>
`;

exports[`<Icon /> rendered correctly with Home fixture 1`] = `
<Icon
  name="ArrowUp"
>
  <ArrowUp
    className="icon"
  >
    <svg
      className="icon"
      version="1.1"
      viewBox="0 0 24 24"
      xmlns="http://www.w3.org/2000/svg"
    >
      <g
        transform="translate(5.000000, 22.000000) rotate(-90.000000)"
      >
        <path
          d="M16.5857864,8 L1,8 C0.44771525,8 0,7.55228475 0,7 C0,6.44771525 0.44771525,6 1,6 L16.5857864,6 L12.2928932,1.70710678 C11.9023689,1.31658249 11.9023689,0.683417511 12.2928932,0.292893219 C12.6834175,-0.0976310729 13.3165825,-0.0976310729 13.7071068,0.292893219 L19.7071068,6.29289322 C20.0976311,6.68341751 20.0976311,7.31658249 19.7071068,7.70710678 L13.7071068,13.7071068 C13.3165825,14.0976311 12.6834175,14.0976311 12.2928932,13.7071068 C11.9023689,13.3165825 11.9023689,12.6834175 12.2928932,12.2928932 L16.5857864,8 Z"
        />
      </g>
    </svg>
  </ArrowUp>
</Icon>
`;

exports[`<Icon /> rendered correctly with Logout fixture 1`] = `
<Icon
  name="ArrowUp"
>
  <ArrowUp
    className="icon"
  >
    <svg
      className="icon"
      version="1.1"
      viewBox="0 0 24 24"
      xmlns="http://www.w3.org/2000/svg"
    >
      <g
        transform="translate(5.000000, 22.000000) rotate(-90.000000)"
      >
        <path
          d="M16.5857864,8 L1,8 C0.44771525,8 0,7.55228475 0,7 C0,6.44771525 0.44771525,6 1,6 L16.5857864,6 L12.2928932,1.70710678 C11.9023689,1.31658249 11.9023689,0.683417511 12.2928932,0.292893219 C12.6834175,-0.0976310729 13.3165825,-0.0976310729 13.7071068,0.292893219 L19.7071068,6.29289322 C20.0976311,6.68341751 20.0976311,7.31658249 19.7071068,7.70710678 L13.7071068,13.7071068 C13.3165825,14.0976311 12.6834175,14.0976311 12.2928932,13.7071068 C11.9023689,13.3165825 11.9023689,12.6834175 12.2928932,12.2928932 L16.5857864,8 Z"
        />
      </g>
    </svg>
  </ArrowUp>
</Icon>
`;

exports[`<Icon /> rendered correctly with Megaphone fixture 1`] = `
<Icon
  name="ArrowUp"
>
  <ArrowUp
    className="icon"
  >
    <svg
      className="icon"
      version="1.1"
      viewBox="0 0 24 24"
      xmlns="http://www.w3.org/2000/svg"
    >
      <g
        transform="translate(5.000000, 22.000000) rotate(-90.000000)"
      >
        <path
          d="M16.5857864,8 L1,8 C0.44771525,8 0,7.55228475 0,7 C0,6.44771525 0.44771525,6 1,6 L16.5857864,6 L12.2928932,1.70710678 C11.9023689,1.31658249 11.9023689,0.683417511 12.2928932,0.292893219 C12.6834175,-0.0976310729 13.3165825,-0.0976310729 13.7071068,0.292893219 L19.7071068,6.29289322 C20.0976311,6.68341751 20.0976311,7.31658249 19.7071068,7.70710678 L13.7071068,13.7071068 C13.3165825,14.0976311 12.6834175,14.0976311 12.2928932,13.7071068 C11.9023689,13.3165825 11.9023689,12.6834175 12.2928932,12.2928932 L16.5857864,8 Z"
        />
      </g>
    </svg>
  </ArrowUp>
</Icon>
`;

exports[`<Icon /> rendered correctly with Patients fixture 1`] = `
<Icon
  name="ArrowUp"
>
  <ArrowUp
    className="icon"
  >
    <svg
      className="icon"
      version="1.1"
      viewBox="0 0 24 24"
      xmlns="http://www.w3.org/2000/svg"
    >
      <g
        transform="translate(5.000000, 22.000000) rotate(-90.000000)"
      >
        <path
          d="M16.5857864,8 L1,8 C0.44771525,8 0,7.55228475 0,7 C0,6.44771525 0.44771525,6 1,6 L16.5857864,6 L12.2928932,1.70710678 C11.9023689,1.31658249 11.9023689,0.683417511 12.2928932,0.292893219 C12.6834175,-0.0976310729 13.3165825,-0.0976310729 13.7071068,0.292893219 L19.7071068,6.29289322 C20.0976311,6.68341751 20.0976311,7.31658249 19.7071068,7.70710678 L13.7071068,13.7071068 C13.3165825,14.0976311 12.6834175,14.0976311 12.2928932,13.7071068 C11.9023689,13.3165825 11.9023689,12.6834175 12.2928932,12.2928932 L16.5857864,8 Z"
        />
      </g>
    </svg>
  </ArrowUp>
</Icon>
`;

exports[`<Icon /> rendered correctly with RadioChecked fixture 1`] = `
<Icon
  name="ArrowUp"
>
  <ArrowUp
    className="icon"
  >
    <svg
      className="icon"
      version="1.1"
      viewBox="0 0 24 24"
      xmlns="http://www.w3.org/2000/svg"
    >
      <g
        transform="translate(5.000000, 22.000000) rotate(-90.000000)"
      >
        <path
          d="M16.5857864,8 L1,8 C0.44771525,8 0,7.55228475 0,7 C0,6.44771525 0.44771525,6 1,6 L16.5857864,6 L12.2928932,1.70710678 C11.9023689,1.31658249 11.9023689,0.683417511 12.2928932,0.292893219 C12.6834175,-0.0976310729 13.3165825,-0.0976310729 13.7071068,0.292893219 L19.7071068,6.29289322 C20.0976311,6.68341751 20.0976311,7.31658249 19.7071068,7.70710678 L13.7071068,13.7071068 C13.3165825,14.0976311 12.6834175,14.0976311 12.2928932,13.7071068 C11.9023689,13.3165825 11.9023689,12.6834175 12.2928932,12.2928932 L16.5857864,8 Z"
        />
      </g>
    </svg>
  </ArrowUp>
</Icon>
`;

exports[`<Icon /> rendered correctly with RadioUnchecked fixture 1`] = `
<Icon
  name="ArrowUp"
>
  <ArrowUp
    className="icon"
  >
    <svg
      className="icon"
      version="1.1"
      viewBox="0 0 24 24"
      xmlns="http://www.w3.org/2000/svg"
    >
      <g
        transform="translate(5.000000, 22.000000) rotate(-90.000000)"
      >
        <path
          d="M16.5857864,8 L1,8 C0.44771525,8 0,7.55228475 0,7 C0,6.44771525 0.44771525,6 1,6 L16.5857864,6 L12.2928932,1.70710678 C11.9023689,1.31658249 11.9023689,0.683417511 12.2928932,0.292893219 C12.6834175,-0.0976310729 13.3165825,-0.0976310729 13.7071068,0.292893219 L19.7071068,6.29289322 C20.0976311,6.68341751 20.0976311,7.31658249 19.7071068,7.70710678 L13.7071068,13.7071068 C13.3165825,14.0976311 12.6834175,14.0976311 12.2928932,13.7071068 C11.9023689,13.3165825 11.9023689,12.6834175 12.2928932,12.2928932 L16.5857864,8 Z"
        />
      </g>
    </svg>
  </ArrowUp>
</Icon>
`;

exports[`<Icon /> rendered correctly with Search fixture 1`] = `
<Icon
  name="ArrowUp"
>
  <ArrowUp
    className="icon"
  >
    <svg
      className="icon"
      version="1.1"
      viewBox="0 0 24 24"
      xmlns="http://www.w3.org/2000/svg"
    >
      <g
        transform="translate(5.000000, 22.000000) rotate(-90.000000)"
      >
        <path
          d="M16.5857864,8 L1,8 C0.44771525,8 0,7.55228475 0,7 C0,6.44771525 0.44771525,6 1,6 L16.5857864,6 L12.2928932,1.70710678 C11.9023689,1.31658249 11.9023689,0.683417511 12.2928932,0.292893219 C12.6834175,-0.0976310729 13.3165825,-0.0976310729 13.7071068,0.292893219 L19.7071068,6.29289322 C20.0976311,6.68341751 20.0976311,7.31658249 19.7071068,7.70710678 L13.7071068,13.7071068 C13.3165825,14.0976311 12.6834175,14.0976311 12.2928932,13.7071068 C11.9023689,13.3165825 11.9023689,12.6834175 12.2928932,12.2928932 L16.5857864,8 Z"
        />
      </g>
    </svg>
  </ArrowUp>
</Icon>
`;

exports[`<Icon /> rendered correctly with Settings fixture 1`] = `
<Icon
  name="ArrowUp"
>
  <ArrowUp
    className="icon"
  >
    <svg
      className="icon"
      version="1.1"
      viewBox="0 0 24 24"
      xmlns="http://www.w3.org/2000/svg"
    >
      <g
        transform="translate(5.000000, 22.000000) rotate(-90.000000)"
      >
        <path
          d="M16.5857864,8 L1,8 C0.44771525,8 0,7.55228475 0,7 C0,6.44771525 0.44771525,6 1,6 L16.5857864,6 L12.2928932,1.70710678 C11.9023689,1.31658249 11.9023689,0.683417511 12.2928932,0.292893219 C12.6834175,-0.0976310729 13.3165825,-0.0976310729 13.7071068,0.292893219 L19.7071068,6.29289322 C20.0976311,6.68341751 20.0976311,7.31658249 19.7071068,7.70710678 L13.7071068,13.7071068 C13.3165825,14.0976311 12.6834175,14.0976311 12.2928932,13.7071068 C11.9023689,13.3165825 11.9023689,12.6834175 12.2928932,12.2928932 L16.5857864,8 Z"
        />
      </g>
    </svg>
  </ArrowUp>
</Icon>
`;

exports[`<Icon /> rendered correctly with Sync fixture 1`] = `
<Icon
  name="ArrowUp"
>
  <ArrowUp
    className="icon"
  >
    <svg
      className="icon"
      version="1.1"
      viewBox="0 0 24 24"
      xmlns="http://www.w3.org/2000/svg"
    >
      <g
        transform="translate(5.000000, 22.000000) rotate(-90.000000)"
      >
        <path
          d="M16.5857864,8 L1,8 C0.44771525,8 0,7.55228475 0,7 C0,6.44771525 0.44771525,6 1,6 L16.5857864,6 L12.2928932,1.70710678 C11.9023689,1.31658249 11.9023689,0.683417511 12.2928932,0.292893219 C12.6834175,-0.0976310729 13.3165825,-0.0976310729 13.7071068,0.292893219 L19.7071068,6.29289322 C20.0976311,6.68341751 20.0976311,7.31658249 19.7071068,7.70710678 L13.7071068,13.7071068 C13.3165825,14.0976311 12.6834175,14.0976311 12.2928932,13.7071068 C11.9023689,13.3165825 11.9023689,12.6834175 12.2928932,12.2928932 L16.5857864,8 Z"
        />
      </g>
    </svg>
  </ArrowUp>
</Icon>
`;

exports[`<Icon /> rendered correctly with Tick fixture 1`] = `
<Icon
  name="ArrowUp"
>
  <ArrowUp
    className="icon"
  >
    <svg
      className="icon"
      version="1.1"
      viewBox="0 0 24 24"
      xmlns="http://www.w3.org/2000/svg"
    >
      <g
        transform="translate(5.000000, 22.000000) rotate(-90.000000)"
      >
        <path
          d="M16.5857864,8 L1,8 C0.44771525,8 0,7.55228475 0,7 C0,6.44771525 0.44771525,6 1,6 L16.5857864,6 L12.2928932,1.70710678 C11.9023689,1.31658249 11.9023689,0.683417511 12.2928932,0.292893219 C12.6834175,-0.0976310729 13.3165825,-0.0976310729 13.7071068,0.292893219 L19.7071068,6.29289322 C20.0976311,6.68341751 20.0976311,7.31658249 19.7071068,7.70710678 L13.7071068,13.7071068 C13.3165825,14.0976311 12.6834175,14.0976311 12.2928932,13.7071068 C11.9023689,13.3165825 11.9023689,12.6834175 12.2928932,12.2928932 L16.5857864,8 Z"
        />
      </g>
    </svg>
  </ArrowUp>
</Icon>
`;

exports[`<Icon /> rendered correctly with View fixture 1`] = `
<Icon
  name="ArrowUp"
>
  <ArrowUp
    className="icon"
  >
    <svg
      className="icon"
      version="1.1"
      viewBox="0 0 24 24"
      xmlns="http://www.w3.org/2000/svg"
    >
      <g
        transform="translate(5.000000, 22.000000) rotate(-90.000000)"
      >
        <path
          d="M16.5857864,8 L1,8 C0.44771525,8 0,7.55228475 0,7 C0,6.44771525 0.44771525,6 1,6 L16.5857864,6 L12.2928932,1.70710678 C11.9023689,1.31658249 11.9023689,0.683417511 12.2928932,0.292893219 C12.6834175,-0.0976310729 13.3165825,-0.0976310729 13.7071068,0.292893219 L19.7071068,6.29289322 C20.0976311,6.68341751 20.0976311,7.31658249 19.7071068,7.70710678 L13.7071068,13.7071068 C13.3165825,14.0976311 12.6834175,14.0976311 12.2928932,13.7071068 C11.9023689,13.3165825 11.9023689,12.6834175 12.2928932,12.2928932 L16.5857864,8 Z"
        />
      </g>
    </svg>
  </ArrowUp>
</Icon>
`;
