// Jest Snapshot v1, https://goo.gl/fbAQLP

exports[`<Icon /> rendered correctly with Blue fixture 1`] = `
<Icon
  color="blue"
  name="Cross"
  shadow={false}
>
  <Cross
    className="icon blue"
    fill="currentColor"
    height={32}
    width={32}
  />
</Icon>
`;
