// Jest Snapshot v1, https://goo.gl/fbAQLP

exports[`<Icon /> rendered correctly with Styled fixture 1`] = `
<Icon
  color="red"
  height={32}
  name="Delete"
  shadow={false}
  style={
    Object {
      "border": "solid 1px",
      "borderRadius": "100%",
      "padding": "8px",
    }
  }
  width={32}
>
  <Delete
    className="icon red"
    fill="currentColor"
    height={32}
    style={
      Object {
        "border": "solid 1px",
        "borderRadius": "100%",
        "padding": "8px",
      }
    }
    width={32}
  />
</Icon>
`;
